Release 12.3 - xst M.70d (nt)
Copyright (c) 1995-2010 Xilinx, Inc.  All rights reserved.
--> Parameter TMPDIR set to xst/projnav.tmp


Total REAL time to Xst completion: 0.00 secs
Total CPU time to Xst completion: 0.14 secs
 
--> Parameter xsthdpdir set to xst


Total REAL time to Xst completion: 0.00 secs
Total CPU time to Xst completion: 0.14 secs
 
--> Reading design: lab02_ctrl.prj

TABLE OF CONTENTS
  1) Synthesis Options Summary
  2) HDL Parsing
  3) HDL Elaboration
  4) HDL Synthesis
       4.1) HDL Synthesis Report
  5) Advanced HDL Synthesis
       5.1) Advanced HDL Synthesis Report
  6) Low Level Synthesis
  7) Partition Report
  8) Design Summary
       8.1) Primitive and Black Box Usage
       8.2) Device utilization summary
       8.3) Partition Resource Summary
       8.4) Timing Report
            8.4.1) Clock Information
            8.4.2) Asynchronous Control Signals Information
            8.4.3) Timing Summary
            8.4.4) Timing Details
            8.4.5) Cross Clock Domains Report


=========================================================================
*                      Synthesis Options Summary                        *
=========================================================================
---- Source Parameters
Input File Name                    : "lab02_ctrl.prj"
Input Format                       : mixed
Ignore Synthesis Constraint File   : NO

---- Target Parameters
Output File Name                   : "lab02_ctrl"
Output Format                      : NGC
Target Device                      : xa6slx16-3-csg324

---- Source Options
Top Module Name                    : lab02_ctrl
Automatic FSM Extraction           : YES
FSM Encoding Algorithm             : Auto
Safe Implementation                : No
FSM Style                          : LUT
RAM Extraction                     : Yes
RAM Style                          : Auto
ROM Extraction                     : Yes
Shift Register Extraction          : YES
ROM Style                          : Auto
Resource Sharing                   : YES
Asynchronous To Synchronous        : NO
Shift Register Minimum Size        : 2
Use DSP Block                      : Auto
Automatic Register Balancing       : No

---- Target Options
LUT Combining                      : Auto
Reduce Control Sets                : Auto
Add IO Buffers                     : YES
Global Maximum Fanout              : 100000
Add Generic Clock Buffer(BUFG)     : 16
Register Duplication               : YES
Optimize Instantiated Primitives   : NO
Use Clock Enable                   : Auto
Use Synchronous Set                : Auto
Use Synchronous Reset              : Auto
Pack IO Registers into IOBs        : Auto
Equivalent register Removal        : YES

---- General Options
Optimization Goal                  : Speed
Optimization Effort                : 1
Power Reduction                    : NO
Keep Hierarchy                     : No
Netlist Hierarchy                  : As_Optimized
RTL Output                         : Yes
Global Optimization                : AllClockNets
Read Cores                         : YES
Write Timing Constraints           : NO
Cross Clock Analysis               : NO
Hierarchy Separator                : /
Bus Delimiter                      : <>
Case Specifier                     : Maintain
Slice Utilization Ratio            : 100
BRAM Utilization Ratio             : 100
DSP48 Utilization Ratio            : 100
Auto BRAM Packing                  : NO
Slice Utilization Ratio Delta      : 5

=========================================================================


=========================================================================
*                          HDL Parsing                                  *
=========================================================================
Analyzing Verilog file \"\lab2\lab02_reg\lab02_reg.v\" into library work
Parsing module <lab02_reg>.
Analyzing Verilog file \"\lab2\lab02_reg\lab02_alu.v\" into library work
Parsing module <lab02_alu>.
Analyzing Verilog file \"\lab2\lab02_reg\lab02_ctrl.v\" into library work
Parsing module <lab02_ctrl>.

=========================================================================
*                            HDL Elaboration                            *
=========================================================================
WARNING:HDLCompiler:1016 - "\lab2\lab02_reg\lab02_ctrl.v" Line 32: Port sign is not connected to this instance

Elaborating module <lab02_ctrl>.

Elaborating module <lab02_alu>.

Elaborating module <lab02_reg>.

=========================================================================
*                           HDL Synthesis                               *
=========================================================================

Synthesizing Unit <lab02_ctrl>.
    Related source file is "/lab2/lab02_reg/lab02_ctrl.v".
        wr_en = 1'b1
INFO:Xst:3010 - "/lab2/lab02_reg/lab02_ctrl.v" line 32: Output port <sign> of the instance <alu1> is unconnected or connected to loadless signal.
    Found 5-bit register for signal <ad2>.
    Found 5-bit register for signal <ad0>.
    Found 5-bit register for signal <ad1>.
    Found 5-bit adder for signal <ad0[4]_GND_1_o_add_0_OUT> created at line 61.
    Found 5-bit adder for signal <ad1[4]_GND_1_o_add_1_OUT> created at line 62.
    Found 5-bit adder for signal <ad2[4]_GND_1_o_add_2_OUT> created at line 63.
    Summary:
	inferred   3 Adder/Subtractor(s).
	inferred  15 D-type flip-flop(s).
Unit <lab02_ctrl> synthesized.

Synthesizing Unit <lab02_alu>.
    Related source file is "/lab2/lab02_reg/lab02_alu.v".
        A_NOP = 5'b00000
        A_ADD = 5'b00001
        A_SUB = 5'b00010
        A_AND = 5'b00011
        A_OR = 5'b00100
        A_XOR = 5'b00101
        A_NOR = 5'b00110
    Found 33-bit subtractor for signal <alu_a[31]_alu_b[31]_sub_2_OUT> created at line 41.
    Found 33-bit adder for signal <alu_a[31]_alu_b[31]_add_0_OUT> created at line 40.
WARNING:Xst:737 - Found 1-bit latch for signal <alu_out<30>>. Latches may be generated from incomplete case or if statements. We do not recommend the use of latches in FPGA/CPLD designs, as they may lead to timing problems.
WARNING:Xst:737 - Found 1-bit latch for signal <alu_out<29>>. Latches may be generated from incomplete case or if statements. We do not recommend the use of latches in FPGA/CPLD designs, as they may lead to timing problems.
WARNING:Xst:737 - Found 1-bit latch for signal <alu_out<28>>. Latches may be generated from incomplete case or if statements. We do not recommend the use of latches in FPGA/CPLD designs, as they may lead to timing problems.
WARNING:Xst:737 - Found 1-bit latch for signal <alu_out<27>>. Latches may be generated from incomplete case or if statements. We do not recommend the use of latches in FPGA/CPLD designs, as they may lead to timing problems.
WARNING:Xst:737 - Found 1-bit latch for signal <alu_out<26>>. Latches may be generated from incomplete case or if statements. We do not recommend the use of latches in FPGA/CPLD designs, as they may lead to timing problems.
WARNING:Xst:737 - Found 1-bit latch for signal <alu_out<25>>. Latches may be generated from incomplete case or if statements. We do not recommend the use of latches in FPGA/CPLD designs, as they may lead to timing problems.
WARNING:Xst:737 - Found 1-bit latch for signal <alu_out<24>>. Latches may be generated from incomplete case or if statements. We do not recommend the use of latches in FPGA/CPLD designs, as they may lead to timing problems.
WARNING:Xst:737 - Found 1-bit latch for signal <alu_out<23>>. Latches may be generated from incomplete case or if statements. We do not recommend the use of latches in FPGA/CPLD designs, as they may lead to timing problems.
WARNING:Xst:737 - Found 1-bit latch for signal <alu_out<22>>. Latches may be generated from incomplete case or if statements. We do not recommend the use of latches in FPGA/CPLD designs, as they may lead to timing problems.
WARNING:Xst:737 - Found 1-bit latch for signal <alu_out<21>>. Latches may be generated from incomplete case or if statements. We do not recommend the use of latches in FPGA/CPLD designs, as they may lead to timing problems.
WARNING:Xst:737 - Found 1-bit latch for signal <alu_out<20>>. Latches may be generated from incomplete case or if statements. We do not recommend the use of latches in FPGA/CPLD designs, as they may lead to timing problems.
WARNING:Xst:737 - Found 1-bit latch for signal <alu_out<19>>. Latches may be generated from incomplete case or if statements. We do not recommend the use of latches in FPGA/CPLD designs, as they may lead to timing problems.
WARNING:Xst:737 - Found 1-bit latch for signal <alu_out<18>>. Latches may be generated from incomplete case or if statements. We do not recommend the use of latches in FPGA/CPLD designs, as they may lead to timing problems.
WARNING:Xst:737 - Found 1-bit latch for signal <alu_out<17>>. Latches may be generated from incomplete case or if statements. We do not recommend the use of latches in FPGA/CPLD designs, as they may lead to timing problems.
WARNING:Xst:737 - Found 1-bit latch for signal <alu_out<16>>. Latches may be generated from incomplete case or if statements. We do not recommend the use of latches in FPGA/CPLD designs, as they may lead to timing problems.
WARNING:Xst:737 - Found 1-bit latch for signal <alu_out<15>>. Latches may be generated from incomplete case or if statements. We do not recommend the use of latches in FPGA/CPLD designs, as they may lead to timing problems.
WARNING:Xst:737 - Found 1-bit latch for signal <alu_out<14>>. Latches may be generated from incomplete case or if statements. We do not recommend the use of latches in FPGA/CPLD designs, as they may lead to timing problems.
WARNING:Xst:737 - Found 1-bit latch for signal <alu_out<13>>. Latches may be generated from incomplete case or if statements. We do not recommend the use of latches in FPGA/CPLD designs, as they may lead to timing problems.
WARNING:Xst:737 - Found 1-bit latch for signal <alu_out<12>>. Latches may be generated from incomplete case or if statements. We do not recommend the use of latches in FPGA/CPLD designs, as they may lead to timing problems.
WARNING:Xst:737 - Found 1-bit latch for signal <alu_out<11>>. Latches may be generated from incomplete case or if statements. We do not recommend the use of latches in FPGA/CPLD designs, as they may lead to timing problems.
WARNING:Xst:737 - Found 1-bit latch for signal <alu_out<10>>. Latches may be generated from incomplete case or if statements. We do not recommend the use of latches in FPGA/CPLD designs, as they may lead to timing problems.
WARNING:Xst:737 - Found 1-bit latch for signal <alu_out<9>>. Latches may be generated from incomplete case or if statements. We do not recommend the use of latches in FPGA/CPLD designs, as they may lead to timing problems.
WARNING:Xst:737 - Found 1-bit latch for signal <alu_out<8>>. Latches may be generated from incomplete case or if statements. We do not recommend the use of latches in FPGA/CPLD designs, as they may lead to timing problems.
WARNING:Xst:737 - Found 1-bit latch for signal <alu_out<7>>. Latches may be generated from incomplete case or if statements. We do not recommend the use of latches in FPGA/CPLD designs, as they may lead to timing problems.
WARNING:Xst:737 - Found 1-bit latch for signal <alu_out<6>>. Latches may be generated from incomplete case or if statements. We do not recommend the use of latches in FPGA/CPLD designs, as they may lead to timing problems.
WARNING:Xst:737 - Found 1-bit latch for signal <alu_out<5>>. Latches may be generated from incomplete case or if statements. We do not recommend the use of latches in FPGA/CPLD designs, as they may lead to timing problems.
WARNING:Xst:737 - Found 1-bit latch for signal <alu_out<4>>. Latches may be generated from incomplete case or if statements. We do not recommend the use of latches in FPGA/CPLD designs, as they may lead to timing problems.
WARNING:Xst:737 - Found 1-bit latch for signal <alu_out<3>>. Latches may be generated from incomplete case or if statements. We do not recommend the use of latches in FPGA/CPLD designs, as they may lead to timing problems.
WARNING:Xst:737 - Found 1-bit latch for signal <alu_out<2>>. Latches may be generated from incomplete case or if statements. We do not recommend the use of latches in FPGA/CPLD designs, as they may lead to timing problems.
WARNING:Xst:737 - Found 1-bit latch for signal <alu_out<1>>. Latches may be generated from incomplete case or if statements. We do not recommend the use of latches in FPGA/CPLD designs, as they may lead to timing problems.
WARNING:Xst:737 - Found 1-bit latch for signal <alu_out<0>>. Latches may be generated from incomplete case or if statements. We do not recommend the use of latches in FPGA/CPLD designs, as they may lead to timing problems.
WARNING:Xst:737 - Found 1-bit latch for signal <sign>. Latches may be generated from incomplete case or if statements. We do not recommend the use of latches in FPGA/CPLD designs, as they may lead to timing problems.
WARNING:Xst:737 - Found 1-bit latch for signal <alu_out<31>>. Latches may be generated from incomplete case or if statements. We do not recommend the use of latches in FPGA/CPLD designs, as they may lead to timing problems.
    Summary:
	inferred   1 Adder/Subtractor(s).
	inferred  33 Latch(s).
Unit <lab02_alu> synthesized.

Synthesizing Unit <lab02_reg>.
    Related source file is "/lab2/lab02_reg/lab02_reg.v".
    Found 1024-bit register for signal <n0097[1023:0]>.
    Found 32-bit register for signal <r1_dout>.
    Found 32-bit register for signal <r2_dout>.
    Found 6-bit adder for signal <n0177[5:0]> created at line 43.
    Found 7-bit adder for signal <n0180[6:0]> created at line 43.
    Found 6-bit adder for signal <n0189[5:0]> created at line 44.
    Found 7-bit adder for signal <n0192[6:0]> created at line 44.
    Found 6-bit adder for signal <n0201[5:0]> created at line 45.
    Found 7-bit adder for signal <n0204[6:0]> created at line 45.
    Found 8-bit adder for signal <n0207[7:0]> created at line 45.
    Found 9-bit adder for signal <n0210[8:0]> created at line 45.
    Found 8-bit adder for signal <_n0212> created at line 43.
    Found 8-bit adder for signal <n0098> created at line 43.
    Found 8-bit adder for signal <_n0214> created at line 44.
    Found 8-bit adder for signal <n0099> created at line 44.
    Found 32-bit 32-to-1 multiplexer for signal <r2_add[5]_X_36_o_wide_mux_51_OUT> created at line 64.
    Found 32-bit 32-to-1 multiplexer for signal <r1_add[5]_X_36_o_wide_mux_50_OUT> created at line 63.
    Found 32-bit comparator lessequal for signal <n0014> created at line 58
    Found 32-bit comparator lessequal for signal <n0016> created at line 58
    Summary:
	inferred  12 Adder/Subtractor(s).
	inferred 1088 D-type flip-flop(s).
	inferred   2 Comparator(s).
	inferred  34 Multiplexer(s).
Unit <lab02_reg> synthesized.

=========================================================================
HDL Synthesis Report

Macro Statistics
# Adders/Subtractors                                   : 16
 33-bit adder                                          : 1
 5-bit adder                                           : 3
 6-bit adder                                           : 3
 7-bit adder                                           : 3
 8-bit adder                                           : 5
 9-bit adder                                           : 1
# Registers                                            : 6
 1024-bit register                                     : 1
 32-bit register                                       : 2
 5-bit register                                        : 3
# Latches                                              : 33
 1-bit latch                                           : 33
# Comparators                                          : 2
 32-bit comparator lessequal                           : 2
# Multiplexers                                         : 34
 32-bit 2-to-1 multiplexer                             : 32
 32-bit 32-to-1 multiplexer                            : 2

=========================================================================

=========================================================================
*                       Advanced HDL Synthesis                          *
=========================================================================

WARNING:Xst:1294 - Latch <alu_out_30> is equivalent to a wire in block <alu1>.
WARNING:Xst:1294 - Latch <alu_out_31> is equivalent to a wire in block <alu1>.
WARNING:Xst:1294 - Latch <alu_out_29> is equivalent to a wire in block <alu1>.
WARNING:Xst:1294 - Latch <alu_out_28> is equivalent to a wire in block <alu1>.
WARNING:Xst:1294 - Latch <alu_out_27> is equivalent to a wire in block <alu1>.
WARNING:Xst:1294 - Latch <alu_out_26> is equivalent to a wire in block <alu1>.
WARNING:Xst:1294 - Latch <alu_out_25> is equivalent to a wire in block <alu1>.
WARNING:Xst:1294 - Latch <alu_out_24> is equivalent to a wire in block <alu1>.
WARNING:Xst:1294 - Latch <alu_out_23> is equivalent to a wire in block <alu1>.
WARNING:Xst:1294 - Latch <alu_out_22> is equivalent to a wire in block <alu1>.
WARNING:Xst:1294 - Latch <alu_out_21> is equivalent to a wire in block <alu1>.
WARNING:Xst:1294 - Latch <alu_out_20> is equivalent to a wire in block <alu1>.
WARNING:Xst:1294 - Latch <alu_out_19> is equivalent to a wire in block <alu1>.
WARNING:Xst:1294 - Latch <alu_out_18> is equivalent to a wire in block <alu1>.
WARNING:Xst:1294 - Latch <alu_out_17> is equivalent to a wire in block <alu1>.
WARNING:Xst:1294 - Latch <alu_out_16> is equivalent to a wire in block <alu1>.
WARNING:Xst:1294 - Latch <alu_out_15> is equivalent to a wire in block <alu1>.
WARNING:Xst:1294 - Latch <alu_out_14> is equivalent to a wire in block <alu1>.
WARNING:Xst:1294 - Latch <alu_out_13> is equivalent to a wire in block <alu1>.
WARNING:Xst:1294 - Latch <alu_out_12> is equivalent to a wire in block <alu1>.
WARNING:Xst:1294 - Latch <alu_out_11> is equivalent to a wire in block <alu1>.
WARNING:Xst:1294 - Latch <alu_out_10> is equivalent to a wire in block <alu1>.
WARNING:Xst:1294 - Latch <alu_out_9> is equivalent to a wire in block <alu1>.
WARNING:Xst:1294 - Latch <alu_out_8> is equivalent to a wire in block <alu1>.
WARNING:Xst:1294 - Latch <alu_out_7> is equivalent to a wire in block <alu1>.
WARNING:Xst:1294 - Latch <alu_out_6> is equivalent to a wire in block <alu1>.
WARNING:Xst:1294 - Latch <alu_out_5> is equivalent to a wire in block <alu1>.
WARNING:Xst:1294 - Latch <alu_out_4> is equivalent to a wire in block <alu1>.
WARNING:Xst:1294 - Latch <alu_out_3> is equivalent to a wire in block <alu1>.
WARNING:Xst:1294 - Latch <alu_out_2> is equivalent to a wire in block <alu1>.
WARNING:Xst:1294 - Latch <alu_out_1> is equivalent to a wire in block <alu1>.
WARNING:Xst:1294 - Latch <alu_out_0> is equivalent to a wire in block <alu1>.

Synthesizing (advanced) Unit <lab02_ctrl>.
The following registers are absorbed into counter <ad2>: 1 register on signal <ad2>.
The following registers are absorbed into counter <ad0>: 1 register on signal <ad0>.
The following registers are absorbed into counter <ad1>: 1 register on signal <ad1>.
Unit <lab02_ctrl> synthesized (advanced).

Synthesizing (advanced) Unit <lab02_reg>.
	The following adders/subtractors are grouped into adder tree <Madd_n0098_Madd_Madd1> :
 	<Madd_n0177[5:0]_Madd> in block <lab02_reg>, 	<Madd_n0180[6:0]_Madd> in block <lab02_reg>, 	<Madd_n0098_Madd_Madd> in block <lab02_reg>.
	The following adders/subtractors are grouped into adder tree <Madd_n0210[8:0]_Madd1> :
 	<Madd_n0201[5:0]> in block <lab02_reg>, 	<Madd_n0204[6:0]> in block <lab02_reg>, 	<Madd_n0210[8:0]_Madd> in block <lab02_reg>.
	The following adders/subtractors are grouped into adder tree <Madd_n0099_Madd_Madd1> :
 	<Madd_n0189[5:0]_Madd> in block <lab02_reg>, 	<Madd_n0192[6:0]_Madd> in block <lab02_reg>, 	<Madd_n0099_Madd_Madd> in block <lab02_reg>.
Unit <lab02_reg> synthesized (advanced).

=========================================================================
Advanced HDL Synthesis Report

Macro Statistics
# Adders/Subtractors                                   : 1
 33-bit adder                                          : 1
# Adder Trees                                          : 3
 5-bit / 4-inputs adder tree                           : 2
 9-bit / 4-inputs adder tree                           : 1
# Counters                                             : 3
 5-bit up counter                                      : 3
# Registers                                            : 1088
 Flip-Flops                                            : 1088
# Comparators                                          : 2
 32-bit comparator lessequal                           : 2
# Multiplexers                                         : 34
 32-bit 2-to-1 multiplexer                             : 32
 32-bit 32-to-1 multiplexer                            : 2

=========================================================================

=========================================================================
*                         Low Level Synthesis                           *
=========================================================================
WARNING:Xst:1294 - Latch <alu_out_30> is equivalent to a wire in block <lab02_alu>.
WARNING:Xst:1294 - Latch <alu_out_31> is equivalent to a wire in block <lab02_alu>.
WARNING:Xst:1294 - Latch <alu_out_29> is equivalent to a wire in block <lab02_alu>.
WARNING:Xst:1294 - Latch <alu_out_28> is equivalent to a wire in block <lab02_alu>.
WARNING:Xst:1294 - Latch <alu_out_27> is equivalent to a wire in block <lab02_alu>.
WARNING:Xst:1294 - Latch <alu_out_26> is equivalent to a wire in block <lab02_alu>.
WARNING:Xst:1294 - Latch <alu_out_25> is equivalent to a wire in block <lab02_alu>.
WARNING:Xst:1294 - Latch <alu_out_24> is equivalent to a wire in block <lab02_alu>.
WARNING:Xst:1294 - Latch <alu_out_23> is equivalent to a wire in block <lab02_alu>.
WARNING:Xst:1294 - Latch <alu_out_22> is equivalent to a wire in block <lab02_alu>.
WARNING:Xst:1294 - Latch <alu_out_21> is equivalent to a wire in block <lab02_alu>.
WARNING:Xst:1294 - Latch <alu_out_20> is equivalent to a wire in block <lab02_alu>.
WARNING:Xst:1294 - Latch <alu_out_19> is equivalent to a wire in block <lab02_alu>.
WARNING:Xst:1294 - Latch <alu_out_18> is equivalent to a wire in block <lab02_alu>.
WARNING:Xst:1294 - Latch <alu_out_17> is equivalent to a wire in block <lab02_alu>.
WARNING:Xst:1294 - Latch <alu_out_16> is equivalent to a wire in block <lab02_alu>.
WARNING:Xst:1294 - Latch <alu_out_13> is equivalent to a wire in block <lab02_alu>.
WARNING:Xst:1294 - Latch <alu_out_15> is equivalent to a wire in block <lab02_alu>.
WARNING:Xst:1294 - Latch <alu_out_14> is equivalent to a wire in block <lab02_alu>.
WARNING:Xst:1294 - Latch <alu_out_12> is equivalent to a wire in block <lab02_alu>.
WARNING:Xst:1294 - Latch <alu_out_11> is equivalent to a wire in block <lab02_alu>.
WARNING:Xst:1294 - Latch <alu_out_10> is equivalent to a wire in block <lab02_alu>.
WARNING:Xst:1294 - Latch <alu_out_9> is equivalent to a wire in block <lab02_alu>.
WARNING:Xst:1294 - Latch <alu_out_8> is equivalent to a wire in block <lab02_alu>.
WARNING:Xst:1294 - Latch <alu_out_7> is equivalent to a wire in block <lab02_alu>.
WARNING:Xst:1294 - Latch <alu_out_6> is equivalent to a wire in block <lab02_alu>.
WARNING:Xst:1294 - Latch <alu_out_5> is equivalent to a wire in block <lab02_alu>.
WARNING:Xst:1294 - Latch <alu_out_4> is equivalent to a wire in block <lab02_alu>.
WARNING:Xst:1294 - Latch <alu_out_3> is equivalent to a wire in block <lab02_alu>.
WARNING:Xst:1294 - Latch <alu_out_2> is equivalent to a wire in block <lab02_alu>.
WARNING:Xst:1294 - Latch <alu_out_1> is equivalent to a wire in block <lab02_alu>.
WARNING:Xst:1294 - Latch <alu_out_0> is equivalent to a wire in block <lab02_alu>.
WARNING:Xst:1294 - Latch <sign> is equivalent to a wire in block <lab02_alu>.

Optimizing unit <lab02_ctrl> ...

Optimizing unit <lab02_reg> ...

Mapping all equations...
Building and optimizing final netlist ...
Found area constraint ratio of 100 (+ 5) on block lab02_ctrl, actual ratio is 26.
FlipFlop ad0_0 has been replicated 10 time(s)
FlipFlop ad0_1 has been replicated 10 time(s)
FlipFlop ad1_0 has been replicated 10 time(s)
FlipFlop ad1_1 has been replicated 10 time(s)

Final Macro Processing ...

=========================================================================
Final Register Report

Macro Statistics
# Registers                                            : 1143
 Flip-Flops                                            : 1143

=========================================================================

=========================================================================
*                           Partition Report                            *
=========================================================================

Partition Implementation Status
-------------------------------

  No Partitions were found in this design.

-------------------------------

=========================================================================
*                            Design Summary                             *
=========================================================================

Top Level Output File Name         : lab02_ctrl.ngc

Primitive and Black Box Usage:
------------------------------
# BELS                             : 1872
#      GND                         : 1
#      INV                         : 4
#      LUT2                        : 35
#      LUT3                        : 1027
#      LUT4                        : 3
#      LUT5                        : 35
#      LUT6                        : 640
#      MUXCY                       : 31
#      MUXF7                       : 64
#      XORCY                       : 32
# FlipFlops/Latches                : 1143
#      FD_1                        : 64
#      FDC                         : 1065
#      FDP                         : 14
# Clock Buffers                    : 1
#      BUFGP                       : 1
# IO Buffers                       : 97
#      IBUF                        : 1
#      OBUF                        : 96

Device utilization summary:
---------------------------

Selected Device : xa6slx16csg324-3 


Slice Logic Utilization: 
 Number of Slice Registers:            1143  out of  18224     6%  
 Number of Slice LUTs:                 1744  out of   9112    19%  
    Number used as Logic:              1744  out of   9112    19%  

Slice Logic Distribution: 
 Number of LUT Flip Flop pairs used:   1784
   Number with an unused Flip Flop:     641  out of   1784    35%  
   Number with an unused LUT:            40  out of   1784     2%  
   Number of fully used LUT-FF pairs:  1103  out of   1784    61%  
   Number of unique control sets:         2

IO Utilization: 
 Number of IOs:                          98
 Number of bonded IOBs:                  98  out of    232    42%  

Specific Feature Utilization:
 Number of BUFG/BUFGCTRLs:                1  out of     16     6%  

---------------------------
Partition Resource Summary:
---------------------------

  No Partitions were found in this design.

---------------------------


=========================================================================
Timing Report

NOTE: THESE TIMING NUMBERS ARE ONLY A SYNTHESIS ESTIMATE.
      FOR ACCURATE TIMING INFORMATION PLEASE REFER TO THE TRACE REPORT
      GENERATED AFTER PLACE-and-ROUTE.

Clock Information:
------------------
-----------------------------------+------------------------+-------+
Clock Signal                       | Clock buffer(FF name)  | Load  |
-----------------------------------+------------------------+-------+
clk                                | BUFGP                  | 1143  |
-----------------------------------+------------------------+-------+

Asynchronous Control Signals Information:
----------------------------------------
No asynchronous control signals found in this design

Timing Summary:
---------------
Speed Grade: -3

   Minimum period: 8.506ns (Maximum Frequency: 117.560MHz)
   Minimum input arrival time before clock: 4.746ns
   Maximum output required time after clock: 6.639ns
   Maximum combinational path delay: No path found

Timing Details:
---------------
All values displayed in nanoseconds (ns)

=========================================================================
Timing constraint: Default period analysis for Clock 'clk'
  Clock period: 8.506ns (frequency: 117.560MHz)
  Total number of paths / destination ports: 59305 / 1143
-------------------------------------------------------------------------
Delay:               4.253ns (Levels of Logic = 34)
  Source:            reg1/r1_dout_0 (FF)
  Destination:       reg1/regfile_0_1023 (FF)
  Source Clock:      clk falling
  Destination Clock: clk rising

  Data Path: reg1/r1_dout_0 to reg1/regfile_0_1023
                                Gate     Net
    Cell:in->out      fanout   Delay   Delay  Logical Name (Net Name)
    ----------------------------------------  ------------
     FD_1:C->Q             2   0.525   0.725  reg1/r1_dout_0 (reg1/r1_dout_0)
     LUT2:I0->O            1   0.250   0.000  alu1/Madd_alu_a[31]_alu_b[31]_add_0_OUT_lut<0> (alu1/Madd_alu_a[31]_alu_b[31]_add_0_OUT_lut<0>)
     MUXCY:S->O            1   0.215   0.000  alu1/Madd_alu_a[31]_alu_b[31]_add_0_OUT_cy<0> (alu1/Madd_alu_a[31]_alu_b[31]_add_0_OUT_cy<0>)
     MUXCY:CI->O           1   0.023   0.000  alu1/Madd_alu_a[31]_alu_b[31]_add_0_OUT_cy<1> (alu1/Madd_alu_a[31]_alu_b[31]_add_0_OUT_cy<1>)
     MUXCY:CI->O           1   0.023   0.000  alu1/Madd_alu_a[31]_alu_b[31]_add_0_OUT_cy<2> (alu1/Madd_alu_a[31]_alu_b[31]_add_0_OUT_cy<2>)
     MUXCY:CI->O           1   0.023   0.000  alu1/Madd_alu_a[31]_alu_b[31]_add_0_OUT_cy<3> (alu1/Madd_alu_a[31]_alu_b[31]_add_0_OUT_cy<3>)
     MUXCY:CI->O           1   0.023   0.000  alu1/Madd_alu_a[31]_alu_b[31]_add_0_OUT_cy<4> (alu1/Madd_alu_a[31]_alu_b[31]_add_0_OUT_cy<4>)
     MUXCY:CI->O           1   0.023   0.000  alu1/Madd_alu_a[31]_alu_b[31]_add_0_OUT_cy<5> (alu1/Madd_alu_a[31]_alu_b[31]_add_0_OUT_cy<5>)
     MUXCY:CI->O           1   0.023   0.000  alu1/Madd_alu_a[31]_alu_b[31]_add_0_OUT_cy<6> (alu1/Madd_alu_a[31]_alu_b[31]_add_0_OUT_cy<6>)
     MUXCY:CI->O           1   0.023   0.000  alu1/Madd_alu_a[31]_alu_b[31]_add_0_OUT_cy<7> (alu1/Madd_alu_a[31]_alu_b[31]_add_0_OUT_cy<7>)
     MUXCY:CI->O           1   0.023   0.000  alu1/Madd_alu_a[31]_alu_b[31]_add_0_OUT_cy<8> (alu1/Madd_alu_a[31]_alu_b[31]_add_0_OUT_cy<8>)
     MUXCY:CI->O           1   0.023   0.000  alu1/Madd_alu_a[31]_alu_b[31]_add_0_OUT_cy<9> (alu1/Madd_alu_a[31]_alu_b[31]_add_0_OUT_cy<9>)
     MUXCY:CI->O           1   0.023   0.000  alu1/Madd_alu_a[31]_alu_b[31]_add_0_OUT_cy<10> (alu1/Madd_alu_a[31]_alu_b[31]_add_0_OUT_cy<10>)
     MUXCY:CI->O           1   0.023   0.000  alu1/Madd_alu_a[31]_alu_b[31]_add_0_OUT_cy<11> (alu1/Madd_alu_a[31]_alu_b[31]_add_0_OUT_cy<11>)
     MUXCY:CI->O           1   0.023   0.000  alu1/Madd_alu_a[31]_alu_b[31]_add_0_OUT_cy<12> (alu1/Madd_alu_a[31]_alu_b[31]_add_0_OUT_cy<12>)
     MUXCY:CI->O           1   0.023   0.000  alu1/Madd_alu_a[31]_alu_b[31]_add_0_OUT_cy<13> (alu1/Madd_alu_a[31]_alu_b[31]_add_0_OUT_cy<13>)
     MUXCY:CI->O           1   0.023   0.000  alu1/Madd_alu_a[31]_alu_b[31]_add_0_OUT_cy<14> (alu1/Madd_alu_a[31]_alu_b[31]_add_0_OUT_cy<14>)
     MUXCY:CI->O           1   0.023   0.000  alu1/Madd_alu_a[31]_alu_b[31]_add_0_OUT_cy<15> (alu1/Madd_alu_a[31]_alu_b[31]_add_0_OUT_cy<15>)
     MUXCY:CI->O           1   0.023   0.000  alu1/Madd_alu_a[31]_alu_b[31]_add_0_OUT_cy<16> (alu1/Madd_alu_a[31]_alu_b[31]_add_0_OUT_cy<16>)
     MUXCY:CI->O           1   0.023   0.000  alu1/Madd_alu_a[31]_alu_b[31]_add_0_OUT_cy<17> (alu1/Madd_alu_a[31]_alu_b[31]_add_0_OUT_cy<17>)
     MUXCY:CI->O           1   0.023   0.000  alu1/Madd_alu_a[31]_alu_b[31]_add_0_OUT_cy<18> (alu1/Madd_alu_a[31]_alu_b[31]_add_0_OUT_cy<18>)
     MUXCY:CI->O           1   0.023   0.000  alu1/Madd_alu_a[31]_alu_b[31]_add_0_OUT_cy<19> (alu1/Madd_alu_a[31]_alu_b[31]_add_0_OUT_cy<19>)
     MUXCY:CI->O           1   0.023   0.000  alu1/Madd_alu_a[31]_alu_b[31]_add_0_OUT_cy<20> (alu1/Madd_alu_a[31]_alu_b[31]_add_0_OUT_cy<20>)
     MUXCY:CI->O           1   0.023   0.000  alu1/Madd_alu_a[31]_alu_b[31]_add_0_OUT_cy<21> (alu1/Madd_alu_a[31]_alu_b[31]_add_0_OUT_cy<21>)
     MUXCY:CI->O           1   0.023   0.000  alu1/Madd_alu_a[31]_alu_b[31]_add_0_OUT_cy<22> (alu1/Madd_alu_a[31]_alu_b[31]_add_0_OUT_cy<22>)
     MUXCY:CI->O           1   0.023   0.000  alu1/Madd_alu_a[31]_alu_b[31]_add_0_OUT_cy<23> (alu1/Madd_alu_a[31]_alu_b[31]_add_0_OUT_cy<23>)
     MUXCY:CI->O           1   0.023   0.000  alu1/Madd_alu_a[31]_alu_b[31]_add_0_OUT_cy<24> (alu1/Madd_alu_a[31]_alu_b[31]_add_0_OUT_cy<24>)
     MUXCY:CI->O           1   0.023   0.000  alu1/Madd_alu_a[31]_alu_b[31]_add_0_OUT_cy<25> (alu1/Madd_alu_a[31]_alu_b[31]_add_0_OUT_cy<25>)
     MUXCY:CI->O           1   0.023   0.000  alu1/Madd_alu_a[31]_alu_b[31]_add_0_OUT_cy<26> (alu1/Madd_alu_a[31]_alu_b[31]_add_0_OUT_cy<26>)
     MUXCY:CI->O           1   0.023   0.000  alu1/Madd_alu_a[31]_alu_b[31]_add_0_OUT_cy<27> (alu1/Madd_alu_a[31]_alu_b[31]_add_0_OUT_cy<27>)
     MUXCY:CI->O           1   0.023   0.000  alu1/Madd_alu_a[31]_alu_b[31]_add_0_OUT_cy<28> (alu1/Madd_alu_a[31]_alu_b[31]_add_0_OUT_cy<28>)
     MUXCY:CI->O           1   0.023   0.000  alu1/Madd_alu_a[31]_alu_b[31]_add_0_OUT_cy<29> (alu1/Madd_alu_a[31]_alu_b[31]_add_0_OUT_cy<29>)
     MUXCY:CI->O           0   0.023   0.000  alu1/Madd_alu_a[31]_alu_b[31]_add_0_OUT_cy<30> (alu1/Madd_alu_a[31]_alu_b[31]_add_0_OUT_cy<30>)
     XORCY:CI->O          33   0.206   1.306  alu1/Madd_alu_a[31]_alu_b[31]_add_0_OUT_xor<31> (sum_31_OBUF)
     LUT3:I2->O            1   0.254   0.000  reg1/Mmux_regfile[0][31]_r3_din[31]_mux_46_OUT251 (reg1/regfile[0][31]_r3_din[31]_mux_46_OUT<31>)
     FDC:D                     0.074          reg1/regfile_0_31
    ----------------------------------------
    Total                      4.253ns (2.222ns logic, 2.032ns route)
                                       (52.2% logic, 47.8% route)

=========================================================================
Timing constraint: Default OFFSET IN BEFORE for Clock 'clk'
  Total number of paths / destination ports: 1079 / 1079
-------------------------------------------------------------------------
Offset:              4.746ns (Levels of Logic = 2)
  Source:            rst_n (PAD)
  Destination:       ad2_0 (FF)
  Destination Clock: clk rising

  Data Path: rst_n to ad2_0
                                Gate     Net
    Cell:in->out      fanout   Delay   Delay  Logical Name (Net Name)
    ----------------------------------------  ------------
     IBUF:I->O             1   1.228   0.579  rst_n_IBUF (rst_n_IBUF)
     INV:I->O           1079   0.255   2.226  rst_n_inv1_INV_0 (reg1/rst_n_inv)
     FDP:PRE                   0.459          reg1/regfile_0_0
    ----------------------------------------
    Total                      4.746ns (1.942ns logic, 2.804ns route)
                                       (40.9% logic, 59.1% route)

=========================================================================
Timing constraint: Default OFFSET OUT AFTER for Clock 'clk'
  Total number of paths / destination ports: 1616 / 96
-------------------------------------------------------------------------
Offset:              6.639ns (Levels of Logic = 34)
  Source:            reg1/r1_dout_0 (FF)
  Destination:       sum<31> (PAD)
  Source Clock:      clk falling

  Data Path: reg1/r1_dout_0 to sum<31>
                                Gate     Net
    Cell:in->out      fanout   Delay   Delay  Logical Name (Net Name)
    ----------------------------------------  ------------
     FD_1:C->Q             2   0.525   0.725  reg1/r1_dout_0 (reg1/r1_dout_0)
     LUT2:I0->O            1   0.250   0.000  alu1/Madd_alu_a[31]_alu_b[31]_add_0_OUT_lut<0> (alu1/Madd_alu_a[31]_alu_b[31]_add_0_OUT_lut<0>)
     MUXCY:S->O            1   0.215   0.000  alu1/Madd_alu_a[31]_alu_b[31]_add_0_OUT_cy<0> (alu1/Madd_alu_a[31]_alu_b[31]_add_0_OUT_cy<0>)
     MUXCY:CI->O           1   0.023   0.000  alu1/Madd_alu_a[31]_alu_b[31]_add_0_OUT_cy<1> (alu1/Madd_alu_a[31]_alu_b[31]_add_0_OUT_cy<1>)
     MUXCY:CI->O           1   0.023   0.000  alu1/Madd_alu_a[31]_alu_b[31]_add_0_OUT_cy<2> (alu1/Madd_alu_a[31]_alu_b[31]_add_0_OUT_cy<2>)
     MUXCY:CI->O           1   0.023   0.000  alu1/Madd_alu_a[31]_alu_b[31]_add_0_OUT_cy<3> (alu1/Madd_alu_a[31]_alu_b[31]_add_0_OUT_cy<3>)
     MUXCY:CI->O           1   0.023   0.000  alu1/Madd_alu_a[31]_alu_b[31]_add_0_OUT_cy<4> (alu1/Madd_alu_a[31]_alu_b[31]_add_0_OUT_cy<4>)
     MUXCY:CI->O           1   0.023   0.000  alu1/Madd_alu_a[31]_alu_b[31]_add_0_OUT_cy<5> (alu1/Madd_alu_a[31]_alu_b[31]_add_0_OUT_cy<5>)
     MUXCY:CI->O           1   0.023   0.000  alu1/Madd_alu_a[31]_alu_b[31]_add_0_OUT_cy<6> (alu1/Madd_alu_a[31]_alu_b[31]_add_0_OUT_cy<6>)
     MUXCY:CI->O           1   0.023   0.000  alu1/Madd_alu_a[31]_alu_b[31]_add_0_OUT_cy<7> (alu1/Madd_alu_a[31]_alu_b[31]_add_0_OUT_cy<7>)
     MUXCY:CI->O           1   0.023   0.000  alu1/Madd_alu_a[31]_alu_b[31]_add_0_OUT_cy<8> (alu1/Madd_alu_a[31]_alu_b[31]_add_0_OUT_cy<8>)
     MUXCY:CI->O           1   0.023   0.000  alu1/Madd_alu_a[31]_alu_b[31]_add_0_OUT_cy<9> (alu1/Madd_alu_a[31]_alu_b[31]_add_0_OUT_cy<9>)
     MUXCY:CI->O           1   0.023   0.000  alu1/Madd_alu_a[31]_alu_b[31]_add_0_OUT_cy<10> (alu1/Madd_alu_a[31]_alu_b[31]_add_0_OUT_cy<10>)
     MUXCY:CI->O           1   0.023   0.000  alu1/Madd_alu_a[31]_alu_b[31]_add_0_OUT_cy<11> (alu1/Madd_alu_a[31]_alu_b[31]_add_0_OUT_cy<11>)
     MUXCY:CI->O           1   0.023   0.000  alu1/Madd_alu_a[31]_alu_b[31]_add_0_OUT_cy<12> (alu1/Madd_alu_a[31]_alu_b[31]_add_0_OUT_cy<12>)
     MUXCY:CI->O           1   0.023   0.000  alu1/Madd_alu_a[31]_alu_b[31]_add_0_OUT_cy<13> (alu1/Madd_alu_a[31]_alu_b[31]_add_0_OUT_cy<13>)
     MUXCY:CI->O           1   0.023   0.000  alu1/Madd_alu_a[31]_alu_b[31]_add_0_OUT_cy<14> (alu1/Madd_alu_a[31]_alu_b[31]_add_0_OUT_cy<14>)
     MUXCY:CI->O           1   0.023   0.000  alu1/Madd_alu_a[31]_alu_b[31]_add_0_OUT_cy<15> (alu1/Madd_alu_a[31]_alu_b[31]_add_0_OUT_cy<15>)
     MUXCY:CI->O           1   0.023   0.000  alu1/Madd_alu_a[31]_alu_b[31]_add_0_OUT_cy<16> (alu1/Madd_alu_a[31]_alu_b[31]_add_0_OUT_cy<16>)
     MUXCY:CI->O           1   0.023   0.000  alu1/Madd_alu_a[31]_alu_b[31]_add_0_OUT_cy<17> (alu1/Madd_alu_a[31]_alu_b[31]_add_0_OUT_cy<17>)
     MUXCY:CI->O           1   0.023   0.000  alu1/Madd_alu_a[31]_alu_b[31]_add_0_OUT_cy<18> (alu1/Madd_alu_a[31]_alu_b[31]_add_0_OUT_cy<18>)
     MUXCY:CI->O           1   0.023   0.000  alu1/Madd_alu_a[31]_alu_b[31]_add_0_OUT_cy<19> (alu1/Madd_alu_a[31]_alu_b[31]_add_0_OUT_cy<19>)
     MUXCY:CI->O           1   0.023   0.000  alu1/Madd_alu_a[31]_alu_b[31]_add_0_OUT_cy<20> (alu1/Madd_alu_a[31]_alu_b[31]_add_0_OUT_cy<20>)
     MUXCY:CI->O           1   0.023   0.000  alu1/Madd_alu_a[31]_alu_b[31]_add_0_OUT_cy<21> (alu1/Madd_alu_a[31]_alu_b[31]_add_0_OUT_cy<21>)
     MUXCY:CI->O           1   0.023   0.000  alu1/Madd_alu_a[31]_alu_b[31]_add_0_OUT_cy<22> (alu1/Madd_alu_a[31]_alu_b[31]_add_0_OUT_cy<22>)
     MUXCY:CI->O           1   0.023   0.000  alu1/Madd_alu_a[31]_alu_b[31]_add_0_OUT_cy<23> (alu1/Madd_alu_a[31]_alu_b[31]_add_0_OUT_cy<23>)
     MUXCY:CI->O           1   0.023   0.000  alu1/Madd_alu_a[31]_alu_b[31]_add_0_OUT_cy<24> (alu1/Madd_alu_a[31]_alu_b[31]_add_0_OUT_cy<24>)
     MUXCY:CI->O           1   0.023   0.000  alu1/Madd_alu_a[31]_alu_b[31]_add_0_OUT_cy<25> (alu1/Madd_alu_a[31]_alu_b[31]_add_0_OUT_cy<25>)
     MUXCY:CI->O           1   0.023   0.000  alu1/Madd_alu_a[31]_alu_b[31]_add_0_OUT_cy<26> (alu1/Madd_alu_a[31]_alu_b[31]_add_0_OUT_cy<26>)
     MUXCY:CI->O           1   0.023   0.000  alu1/Madd_alu_a[31]_alu_b[31]_add_0_OUT_cy<27> (alu1/Madd_alu_a[31]_alu_b[31]_add_0_OUT_cy<27>)
     MUXCY:CI->O           1   0.023   0.000  alu1/Madd_alu_a[31]_alu_b[31]_add_0_OUT_cy<28> (alu1/Madd_alu_a[31]_alu_b[31]_add_0_OUT_cy<28>)
     MUXCY:CI->O           1   0.023   0.000  alu1/Madd_alu_a[31]_alu_b[31]_add_0_OUT_cy<29> (alu1/Madd_alu_a[31]_alu_b[31]_add_0_OUT_cy<29>)
     MUXCY:CI->O           0   0.023   0.000  alu1/Madd_alu_a[31]_alu_b[31]_add_0_OUT_cy<30> (alu1/Madd_alu_a[31]_alu_b[31]_add_0_OUT_cy<30>)
     XORCY:CI->O          33   0.206   1.305  alu1/Madd_alu_a[31]_alu_b[31]_add_0_OUT_xor<31> (sum_31_OBUF)
     OBUF:I->O                 2.715          sum_31_OBUF (sum<31>)
    ----------------------------------------
    Total                      6.639ns (4.609ns logic, 2.031ns route)
                                       (69.4% logic, 30.6% route)

=========================================================================

Cross Clock Domains Report:
--------------------------

Clock to Setup on destination clock clk
---------------+---------+---------+---------+---------+
               | Src:Rise| Src:Fall| Src:Rise| Src:Fall|
Source Clock   |Dest:Rise|Dest:Rise|Dest:Fall|Dest:Fall|
---------------+---------+---------+---------+---------+
clk            |    4.401|    4.253|    3.639|         |
---------------+---------+---------+---------+---------+

=========================================================================


Total REAL time to Xst completion: 13.00 secs
Total CPU time to Xst completion: 12.62 secs
 
--> 

Total memory usage is 153504 kilobytes

Number of errors   :    0 (   0 filtered)
Number of warnings :   99 (   0 filtered)
Number of infos    :    1 (   0 filtered)

