--------------------------------------------------------------------------------
Release 12.3 Trace  (nt)
Copyright (c) 1995-2010 Xilinx, Inc.  All rights reserved.

e:\Xilinx\12.3\ISE_DS\ISE\bin\nt\unwrapped\trce.exe -intstyle ise -v 3 -s 3 -n
3 -fastpaths -xml lab02_reg.twx lab02_reg.ncd -o lab02_reg.twr lab02_reg.pcf

Design file:              lab02_reg.ncd
Physical constraint file: lab02_reg.pcf
Device,package,speed:     xa6slx16,csg324,I,-3 (PREVIEW 1.12c 2010-09-15)
Report level:             verbose report

Environment Variable      Effect 
--------------------      ------ 
NONE                      No environment variables were set
--------------------------------------------------------------------------------

INFO:Timing:2698 - No timing constraints found, doing default enumeration.
INFO:Timing:2752 - To get complete path coverage, use the unconstrained paths 
   option. All paths that are not constrained will be reported in the 
   unconstrained paths section(s) of the report.
INFO:Timing:3339 - The clock-to-out numbers in this timing report are based on 
   a 50 Ohm transmission line loading model.  For the details of this model, 
   and for more information on accounting for different loading conditions, 
   please see the device datasheet.



Data Sheet report:
-----------------
All values displayed in nanoseconds (ns)

Setup/Hold to clock clk
------------+------------+------------+------------+------------+------------------+--------+
            |Max Setup to|  Process   |Max Hold to |  Process   |                  | Clock  |
Source      | clk (edge) |   Corner   | clk (edge) |   Corner   |Internal Clock(s) | Phase  |
------------+------------+------------+------------+------------+------------------+--------+
r1_addr<0>  |   10.377(R)|      SLOW  |   -1.269(R)|      FAST  |clk_BUFGP         |   0.000|
r1_addr<1>  |    9.070(R)|      SLOW  |   -0.589(R)|      FAST  |clk_BUFGP         |   0.000|
r1_addr<2>  |    6.992(R)|      SLOW  |   -1.094(R)|      FAST  |clk_BUFGP         |   0.000|
r1_addr<3>  |    7.742(R)|      SLOW  |   -0.337(R)|      FAST  |clk_BUFGP         |   0.000|
r1_addr<4>  |    5.192(R)|      SLOW  |   -0.298(R)|      FAST  |clk_BUFGP         |   0.000|
r2_addr<0>  |   10.102(R)|      SLOW  |   -1.188(R)|      FAST  |clk_BUFGP         |   0.000|
r2_addr<1>  |    9.764(R)|      SLOW  |   -1.358(R)|      FAST  |clk_BUFGP         |   0.000|
r2_addr<2>  |    6.354(R)|      SLOW  |   -0.804(R)|      FAST  |clk_BUFGP         |   0.000|
r2_addr<3>  |    5.327(R)|      SLOW  |   -0.725(R)|      FAST  |clk_BUFGP         |   0.000|
r2_addr<4>  |    5.199(R)|      SLOW  |   -0.511(R)|      FAST  |clk_BUFGP         |   0.000|
r3_addr<0>  |    7.765(R)|      SLOW  |   -1.125(R)|      FAST  |clk_BUFGP         |   0.000|
r3_addr<1>  |    7.921(R)|      SLOW  |   -0.994(R)|      FAST  |clk_BUFGP         |   0.000|
r3_addr<2>  |    8.147(R)|      SLOW  |   -1.164(R)|      FAST  |clk_BUFGP         |   0.000|
r3_addr<3>  |    7.656(R)|      SLOW  |   -0.911(R)|      FAST  |clk_BUFGP         |   0.000|
r3_addr<4>  |    6.724(R)|      SLOW  |   -0.759(R)|      FAST  |clk_BUFGP         |   0.000|
r3_din<0>   |    5.935(R)|      SLOW  |   -1.069(R)|      FAST  |clk_BUFGP         |   0.000|
r3_din<1>   |    3.595(R)|      SLOW  |   -0.224(R)|      SLOW  |clk_BUFGP         |   0.000|
r3_din<2>   |    4.153(R)|      SLOW  |   -0.376(R)|      FAST  |clk_BUFGP         |   0.000|
r3_din<3>   |    4.667(R)|      SLOW  |   -0.715(R)|      FAST  |clk_BUFGP         |   0.000|
r3_din<4>   |    4.540(R)|      SLOW  |   -1.218(R)|      FAST  |clk_BUFGP         |   0.000|
r3_din<5>   |    4.303(R)|      SLOW  |   -0.981(R)|      FAST  |clk_BUFGP         |   0.000|
r3_din<6>   |    5.350(R)|      SLOW  |   -1.389(R)|      FAST  |clk_BUFGP         |   0.000|
r3_din<7>   |    4.726(R)|      SLOW  |   -1.299(R)|      FAST  |clk_BUFGP         |   0.000|
r3_din<8>   |    5.087(R)|      SLOW  |   -1.626(R)|      FAST  |clk_BUFGP         |   0.000|
r3_din<9>   |    4.638(R)|      SLOW  |   -1.420(R)|      FAST  |clk_BUFGP         |   0.000|
r3_din<10>  |    5.719(R)|      SLOW  |   -1.587(R)|      FAST  |clk_BUFGP         |   0.000|
r3_din<11>  |    4.296(R)|      SLOW  |   -1.504(R)|      FAST  |clk_BUFGP         |   0.000|
r3_din<12>  |    4.632(R)|      SLOW  |   -1.323(R)|      FAST  |clk_BUFGP         |   0.000|
r3_din<13>  |    4.078(R)|      SLOW  |   -1.214(R)|      FAST  |clk_BUFGP         |   0.000|
r3_din<14>  |    4.291(R)|      SLOW  |   -1.108(R)|      FAST  |clk_BUFGP         |   0.000|
r3_din<15>  |    4.254(R)|      SLOW  |   -0.964(R)|      FAST  |clk_BUFGP         |   0.000|
r3_din<16>  |    4.831(R)|      SLOW  |   -1.031(R)|      FAST  |clk_BUFGP         |   0.000|
r3_din<17>  |    4.765(R)|      SLOW  |   -0.621(R)|      FAST  |clk_BUFGP         |   0.000|
r3_din<18>  |    5.770(R)|      SLOW  |   -0.805(R)|      FAST  |clk_BUFGP         |   0.000|
r3_din<19>  |    3.737(R)|      SLOW  |   -0.277(R)|      SLOW  |clk_BUFGP         |   0.000|
r3_din<20>  |    3.679(R)|      SLOW  |   -0.939(R)|      FAST  |clk_BUFGP         |   0.000|
r3_din<21>  |    4.263(R)|      SLOW  |   -0.593(R)|      FAST  |clk_BUFGP         |   0.000|
r3_din<22>  |    4.077(R)|      SLOW  |   -0.488(R)|      FAST  |clk_BUFGP         |   0.000|
r3_din<23>  |    3.749(R)|      SLOW  |   -0.485(R)|      FAST  |clk_BUFGP         |   0.000|
r3_din<24>  |    3.914(R)|      SLOW  |   -0.254(R)|      SLOW  |clk_BUFGP         |   0.000|
r3_din<25>  |    3.737(R)|      SLOW  |   -0.421(R)|      FAST  |clk_BUFGP         |   0.000|
r3_din<26>  |    3.510(R)|      SLOW  |   -0.292(R)|      SLOW  |clk_BUFGP         |   0.000|
r3_din<27>  |    3.460(R)|      SLOW  |   -0.358(R)|      SLOW  |clk_BUFGP         |   0.000|
r3_din<28>  |    3.829(R)|      SLOW  |   -0.311(R)|      SLOW  |clk_BUFGP         |   0.000|
r3_din<29>  |    3.213(R)|      SLOW  |   -0.128(R)|      SLOW  |clk_BUFGP         |   0.000|
r3_din<30>  |    2.890(R)|      SLOW  |   -0.168(R)|      SLOW  |clk_BUFGP         |   0.000|
r3_din<31>  |    2.432(R)|      SLOW  |    0.133(R)|      SLOW  |clk_BUFGP         |   0.000|
r3_wr       |    6.971(R)|      SLOW  |    0.539(R)|      SLOW  |clk_BUFGP         |   0.000|
rst_n       |    8.164(R)|      SLOW  |    0.113(R)|      SLOW  |clk_BUFGP         |   0.000|
------------+------------+------------+------------+------------+------------------+--------+

Clock clk to Pad
------------+-----------------+------------+-----------------+------------+------------------+--------+
            |Max (slowest) clk|  Process   |Min (fastest) clk|  Process   |                  | Clock  |
Destination |  (edge) to PAD  |   Corner   |  (edge) to PAD  |   Corner   |Internal Clock(s) | Phase  |
------------+-----------------+------------+-----------------+------------+------------------+--------+
r1_dout<0>  |         8.064(R)|      SLOW  |         3.812(R)|      FAST  |clk_BUFGP         |   0.000|
r1_dout<1>  |         8.672(R)|      SLOW  |         4.140(R)|      FAST  |clk_BUFGP         |   0.000|
r1_dout<2>  |         8.657(R)|      SLOW  |         4.201(R)|      FAST  |clk_BUFGP         |   0.000|
r1_dout<3>  |         8.631(R)|      SLOW  |         4.116(R)|      FAST  |clk_BUFGP         |   0.000|
r1_dout<4>  |         8.033(R)|      SLOW  |         3.793(R)|      FAST  |clk_BUFGP         |   0.000|
r1_dout<5>  |         8.439(R)|      SLOW  |         4.014(R)|      FAST  |clk_BUFGP         |   0.000|
r1_dout<6>  |         7.818(R)|      SLOW  |         3.671(R)|      FAST  |clk_BUFGP         |   0.000|
r1_dout<7>  |         8.249(R)|      SLOW  |         3.900(R)|      FAST  |clk_BUFGP         |   0.000|
r1_dout<8>  |         7.947(R)|      SLOW  |         3.729(R)|      FAST  |clk_BUFGP         |   0.000|
r1_dout<9>  |         7.945(R)|      SLOW  |         3.727(R)|      FAST  |clk_BUFGP         |   0.000|
r1_dout<10> |         8.030(R)|      SLOW  |         3.822(R)|      FAST  |clk_BUFGP         |   0.000|
r1_dout<11> |         7.803(R)|      SLOW  |         3.672(R)|      FAST  |clk_BUFGP         |   0.000|
r1_dout<12> |         8.022(R)|      SLOW  |         3.814(R)|      FAST  |clk_BUFGP         |   0.000|
r1_dout<13> |         8.054(R)|      SLOW  |         3.794(R)|      FAST  |clk_BUFGP         |   0.000|
r1_dout<14> |         8.045(R)|      SLOW  |         3.817(R)|      FAST  |clk_BUFGP         |   0.000|
r1_dout<15> |         8.456(R)|      SLOW  |         4.075(R)|      FAST  |clk_BUFGP         |   0.000|
r1_dout<16> |         8.341(R)|      SLOW  |         3.966(R)|      FAST  |clk_BUFGP         |   0.000|
r1_dout<17> |         8.441(R)|      SLOW  |         4.009(R)|      FAST  |clk_BUFGP         |   0.000|
r1_dout<18> |         8.303(R)|      SLOW  |         3.972(R)|      FAST  |clk_BUFGP         |   0.000|
r1_dout<19> |         9.286(R)|      SLOW  |         4.493(R)|      FAST  |clk_BUFGP         |   0.000|
r1_dout<20> |         8.040(R)|      SLOW  |         3.817(R)|      FAST  |clk_BUFGP         |   0.000|
r1_dout<21> |         8.059(R)|      SLOW  |         3.820(R)|      FAST  |clk_BUFGP         |   0.000|
r1_dout<22> |         8.162(R)|      SLOW  |         3.855(R)|      FAST  |clk_BUFGP         |   0.000|
r1_dout<23> |         7.842(R)|      SLOW  |         3.631(R)|      FAST  |clk_BUFGP         |   0.000|
r1_dout<24> |         8.254(R)|      SLOW  |         3.903(R)|      FAST  |clk_BUFGP         |   0.000|
r1_dout<25> |         8.136(R)|      SLOW  |         3.824(R)|      FAST  |clk_BUFGP         |   0.000|
r1_dout<26> |         8.123(R)|      SLOW  |         3.816(R)|      FAST  |clk_BUFGP         |   0.000|
r1_dout<27> |         7.939(R)|      SLOW  |         3.721(R)|      FAST  |clk_BUFGP         |   0.000|
r1_dout<28> |         8.187(R)|      SLOW  |         3.878(R)|      FAST  |clk_BUFGP         |   0.000|
r1_dout<29> |         8.299(R)|      SLOW  |         3.938(R)|      FAST  |clk_BUFGP         |   0.000|
r1_dout<30> |         8.752(R)|      SLOW  |         4.182(R)|      FAST  |clk_BUFGP         |   0.000|
r1_dout<31> |         8.954(R)|      SLOW  |         4.357(R)|      FAST  |clk_BUFGP         |   0.000|
r2_dout<0>  |         8.977(R)|      SLOW  |         4.341(R)|      FAST  |clk_BUFGP         |   0.000|
r2_dout<1>  |         7.988(R)|      SLOW  |         3.821(R)|      FAST  |clk_BUFGP         |   0.000|
r2_dout<2>  |         7.698(R)|      SLOW  |         3.612(R)|      FAST  |clk_BUFGP         |   0.000|
r2_dout<3>  |         8.226(R)|      SLOW  |         4.011(R)|      FAST  |clk_BUFGP         |   0.000|
r2_dout<4>  |         7.895(R)|      SLOW  |         3.694(R)|      FAST  |clk_BUFGP         |   0.000|
r2_dout<5>  |         8.287(R)|      SLOW  |         3.932(R)|      FAST  |clk_BUFGP         |   0.000|
r2_dout<6>  |         8.342(R)|      SLOW  |         3.995(R)|      FAST  |clk_BUFGP         |   0.000|
r2_dout<7>  |         8.527(R)|      SLOW  |         4.089(R)|      FAST  |clk_BUFGP         |   0.000|
r2_dout<8>  |         8.520(R)|      SLOW  |         4.064(R)|      FAST  |clk_BUFGP         |   0.000|
r2_dout<9>  |         8.982(R)|      SLOW  |         4.324(R)|      FAST  |clk_BUFGP         |   0.000|
r2_dout<10> |         8.514(R)|      SLOW  |         4.060(R)|      FAST  |clk_BUFGP         |   0.000|
r2_dout<11> |         8.905(R)|      SLOW  |         4.274(R)|      FAST  |clk_BUFGP         |   0.000|
r2_dout<12> |         8.858(R)|      SLOW  |         4.224(R)|      FAST  |clk_BUFGP         |   0.000|
r2_dout<13> |         9.143(R)|      SLOW  |         4.419(R)|      FAST  |clk_BUFGP         |   0.000|
r2_dout<14> |         8.839(R)|      SLOW  |         4.206(R)|      FAST  |clk_BUFGP         |   0.000|
r2_dout<15> |         9.515(R)|      SLOW  |         4.631(R)|      FAST  |clk_BUFGP         |   0.000|
r2_dout<16> |         9.102(R)|      SLOW  |         4.447(R)|      FAST  |clk_BUFGP         |   0.000|
r2_dout<17> |         9.610(R)|      SLOW  |         4.733(R)|      FAST  |clk_BUFGP         |   0.000|
r2_dout<18> |         9.583(R)|      SLOW  |         4.727(R)|      FAST  |clk_BUFGP         |   0.000|
r2_dout<19> |         8.201(R)|      SLOW  |         3.947(R)|      FAST  |clk_BUFGP         |   0.000|
r2_dout<20> |         9.638(R)|      SLOW  |         4.776(R)|      FAST  |clk_BUFGP         |   0.000|
r2_dout<21> |         9.456(R)|      SLOW  |         4.697(R)|      FAST  |clk_BUFGP         |   0.000|
r2_dout<22> |         9.261(R)|      SLOW  |         4.586(R)|      FAST  |clk_BUFGP         |   0.000|
r2_dout<23> |         9.626(R)|      SLOW  |         4.830(R)|      FAST  |clk_BUFGP         |   0.000|
r2_dout<24> |         9.009(R)|      SLOW  |         4.424(R)|      FAST  |clk_BUFGP         |   0.000|
r2_dout<25> |         9.429(R)|      SLOW  |         4.683(R)|      FAST  |clk_BUFGP         |   0.000|
r2_dout<26> |         9.138(R)|      SLOW  |         4.531(R)|      FAST  |clk_BUFGP         |   0.000|
r2_dout<27> |         9.343(R)|      SLOW  |         4.643(R)|      FAST  |clk_BUFGP         |   0.000|
r2_dout<28> |         9.227(R)|      SLOW  |         4.626(R)|      FAST  |clk_BUFGP         |   0.000|
r2_dout<29> |         9.105(R)|      SLOW  |         4.538(R)|      FAST  |clk_BUFGP         |   0.000|
r2_dout<30> |         8.512(R)|      SLOW  |         4.130(R)|      FAST  |clk_BUFGP         |   0.000|
r2_dout<31> |         8.146(R)|      SLOW  |         3.918(R)|      FAST  |clk_BUFGP         |   0.000|
------------+-----------------+------------+-----------------+------------+------------------+--------+

Clock to Setup on destination clock clk
---------------+---------+---------+---------+---------+
               | Src:Rise| Src:Fall| Src:Rise| Src:Fall|
Source Clock   |Dest:Rise|Dest:Rise|Dest:Fall|Dest:Fall|
---------------+---------+---------+---------+---------+
clk            |    4.142|         |         |         |
---------------+---------+---------+---------+---------+


Analysis completed Tue Mar 29 15:29:58 2016 
--------------------------------------------------------------------------------

Trace Settings:
-------------------------
Trace Settings 

Peak Memory Usage: 152 MB



